Archive member included to satisfy reference by file (symbol)

e:/stm32_cubeide/stm32cubeide_1.7.0/stm32cubeide/plugins/com.st.stm32cube.ide.mcu.externaltools.gnu-tools-for-stm32.9-2020-q2-update.win32_2.0.0.202105311346/tools/bin/../lib/gcc/arm-none-eabi/9.3.1/../../../../arm-none-eabi/lib/thumb/v7-m/nofp\libc_nano.a(lib_a-errno.o)
                              ./Core/Src/syscalls.o (__errno)
e:/stm32_cubeide/stm32cubeide_1.7.0/stm32cubeide/plugins/com.st.stm32cube.ide.mcu.externaltools.gnu-tools-for-stm32.9-2020-q2-update.win32_2.0.0.202105311346/tools/bin/../lib/gcc/arm-none-eabi/9.3.1/../../../../arm-none-eabi/lib/thumb/v7-m/nofp\libc_nano.a(lib_a-exit.o)
                              e:/stm32_cubeide/stm32cubeide_1.7.0/stm32cubeide/plugins/com.st.stm32cube.ide.mcu.externaltools.gnu-tools-for-stm32.9-2020-q2-update.win32_2.0.0.202105311346/tools/bin/../lib/gcc/arm-none-eabi/9.3.1/../../../../arm-none-eabi/lib/thumb/v7-m/nofp/crt0.o (exit)
e:/stm32_cubeide/stm32cubeide_1.7.0/stm32cubeide/plugins/com.st.stm32cube.ide.mcu.externaltools.gnu-tools-for-stm32.9-2020-q2-update.win32_2.0.0.202105311346/tools/bin/../lib/gcc/arm-none-eabi/9.3.1/../../../../arm-none-eabi/lib/thumb/v7-m/nofp\libc_nano.a(lib_a-impure.o)
                              e:/stm32_cubeide/stm32cubeide_1.7.0/stm32cubeide/plugins/com.st.stm32cube.ide.mcu.externaltools.gnu-tools-for-stm32.9-2020-q2-update.win32_2.0.0.202105311346/tools/bin/../lib/gcc/arm-none-eabi/9.3.1/../../../../arm-none-eabi/lib/thumb/v7-m/nofp\libc_nano.a(lib_a-exit.o) (_global_impure_ptr)
e:/stm32_cubeide/stm32cubeide_1.7.0/stm32cubeide/plugins/com.st.stm32cube.ide.mcu.externaltools.gnu-tools-for-stm32.9-2020-q2-update.win32_2.0.0.202105311346/tools/bin/../lib/gcc/arm-none-eabi/9.3.1/../../../../arm-none-eabi/lib/thumb/v7-m/nofp\libc_nano.a(lib_a-init.o)
                              e:/stm32_cubeide/stm32cubeide_1.7.0/stm32cubeide/plugins/com.st.stm32cube.ide.mcu.externaltools.gnu-tools-for-stm32.9-2020-q2-update.win32_2.0.0.202105311346/tools/bin/../lib/gcc/arm-none-eabi/9.3.1/../../../../arm-none-eabi/lib/thumb/v7-m/nofp/crt0.o (__libc_init_array)
e:/stm32_cubeide/stm32cubeide_1.7.0/stm32cubeide/plugins/com.st.stm32cube.ide.mcu.externaltools.gnu-tools-for-stm32.9-2020-q2-update.win32_2.0.0.202105311346/tools/bin/../lib/gcc/arm-none-eabi/9.3.1/../../../../arm-none-eabi/lib/thumb/v7-m/nofp\libc_nano.a(lib_a-memset.o)
                              e:/stm32_cubeide/stm32cubeide_1.7.0/stm32cubeide/plugins/com.st.stm32cube.ide.mcu.externaltools.gnu-tools-for-stm32.9-2020-q2-update.win32_2.0.0.202105311346/tools/bin/../lib/gcc/arm-none-eabi/9.3.1/../../../../arm-none-eabi/lib/thumb/v7-m/nofp/crt0.o (memset)

Allocating common symbols
Common symbol       size              file

uwTick              0x4               ./Drivers/STM32F1xx_HAL_Driver/Src/stm32f1xx_hal.o
pFlash              0x20              ./Drivers/STM32F1xx_HAL_Driver/Src/stm32f1xx_hal_flash.o
htim2               0x48              ./Core/Src/main.o

Discarded input sections

 .text          0x0000000000000000        0x0 e:/stm32_cubeide/stm32cubeide_1.7.0/stm32cubeide/plugins/com.st.stm32cube.ide.mcu.externaltools.gnu-tools-for-stm32.9-2020-q2-update.win32_2.0.0.202105311346/tools/bin/../lib/gcc/arm-none-eabi/9.3.1/thumb/v7-m/nofp/crti.o
 .data          0x0000000000000000        0x0 e:/stm32_cubeide/stm32cubeide_1.7.0/stm32cubeide/plugins/com.st.stm32cube.ide.mcu.externaltools.gnu-tools-for-stm32.9-2020-q2-update.win32_2.0.0.202105311346/tools/bin/../lib/gcc/arm-none-eabi/9.3.1/thumb/v7-m/nofp/crti.o
 .bss           0x0000000000000000        0x0 e:/stm32_cubeide/stm32cubeide_1.7.0/stm32cubeide/plugins/com.st.stm32cube.ide.mcu.externaltools.gnu-tools-for-stm32.9-2020-q2-update.win32_2.0.0.202105311346/tools/bin/../lib/gcc/arm-none-eabi/9.3.1/thumb/v7-m/nofp/crti.o
 .data          0x0000000000000000        0x4 e:/stm32_cubeide/stm32cubeide_1.7.0/stm32cubeide/plugins/com.st.stm32cube.ide.mcu.externaltools.gnu-tools-for-stm32.9-2020-q2-update.win32_2.0.0.202105311346/tools/bin/../lib/gcc/arm-none-eabi/9.3.1/thumb/v7-m/nofp/crtbegin.o
 .text          0x0000000000000000       0x7c e:/stm32_cubeide/stm32cubeide_1.7.0/stm32cubeide/plugins/com.st.stm32cube.ide.mcu.externaltools.gnu-tools-for-stm32.9-2020-q2-update.win32_2.0.0.202105311346/tools/bin/../lib/gcc/arm-none-eabi/9.3.1/../../../../arm-none-eabi/lib/thumb/v7-m/nofp/crt0.o
 .data          0x0000000000000000        0x0 e:/stm32_cubeide/stm32cubeide_1.7.0/stm32cubeide/plugins/com.st.stm32cube.ide.mcu.externaltools.gnu-tools-for-stm32.9-2020-q2-update.win32_2.0.0.202105311346/tools/bin/../lib/gcc/arm-none-eabi/9.3.1/../../../../arm-none-eabi/lib/thumb/v7-m/nofp/crt0.o
 .bss           0x0000000000000000        0x0 e:/stm32_cubeide/stm32cubeide_1.7.0/stm32cubeide/plugins/com.st.stm32cube.ide.mcu.externaltools.gnu-tools-for-stm32.9-2020-q2-update.win32_2.0.0.202105311346/tools/bin/../lib/gcc/arm-none-eabi/9.3.1/../../../../arm-none-eabi/lib/thumb/v7-m/nofp/crt0.o
[...]
Memory Configuration

Name             Origin             Length             Attributes
RAM              0x0000000020000000 0x0000000000002800 xrw
FLASH            0x0000000008000000 0x0000000000008000 xr
*default*        0x0000000000000000 0xffffffffffffffff

Linker script and memory map

LOAD e:/stm32_cubeide/stm32cubeide_1.7.0/stm32cubeide/plugins/com.st.stm32cube.ide.mcu.externaltools.gnu-tools-for-stm32.9-2020-q2-update.win32_2.0.0.202105311346/tools/bin/../lib/gcc/arm-none-eabi/9.3.1/thumb/v7-m/nofp/crti.o
LOAD e:/stm32_cubeide/stm32cubeide_1.7.0/stm32cubeide/plugins/com.st.stm32cube.ide.mcu.externaltools.gnu-tools-for-stm32.9-2020-q2-update.win32_2.0.0.202105311346/tools/bin/../lib/gcc/arm-none-eabi/9.3.1/thumb/v7-m/nofp/crtbegin.o
LOAD e:/stm32_cubeide/stm32cubeide_1.7.0/stm32cubeide/plugins/com.st.stm32cube.ide.mcu.externaltools.gnu-tools-for-stm32.9-2020-q2-update.win32_2.0.0.202105311346/tools/bin/../lib/gcc/arm-none-eabi/9.3.1/../../../../arm-none-eabi/lib/thumb/v7-m/nofp/crt0.o
LOAD ./Core/Src/button.o
LOAD ./Core/Src/fsm_automatic.o
LOAD ./Core/Src/fsm_manual.o
LOAD ./Core/Src/global.o
LOAD ./Core/Src/led7_segment.o
LOAD ./Core/Src/main.o
LOAD ./Core/Src/software_timer.o
LOAD ./Core/Src/stm32f1xx_hal_msp.o
LOAD ./Core/Src/stm32f1xx_it.o
LOAD ./Core/Src/syscalls.o
LOAD ./Core/Src/sysmem.o
LOAD ./Core/Src/system_stm32f1xx.o
LOAD ./Core/Src/traffic_light.o
LOAD ./Core/Startup/startup_stm32f103c6ux.o
LOAD ./Drivers/STM32F1xx_HAL_Driver/Src/stm32f1xx_hal.o
LOAD ./Drivers/STM32F1xx_HAL_Driver/Src/stm32f1xx_hal_cortex.o
LOAD ./Drivers/STM32F1xx_HAL_Driver/Src/stm32f1xx_hal_dma.o
LOAD ./Drivers/STM32F1xx_HAL_Driver/Src/stm32f1xx_hal_exti.o
LOAD ./Drivers/STM32F1xx_HAL_Driver/Src/stm32f1xx_hal_flash.o
LOAD ./Drivers/STM32F1xx_HAL_Driver/Src/stm32f1xx_hal_flash_ex.o
LOAD ./Drivers/STM32F1xx_HAL_Driver/Src/stm32f1xx_hal_gpio.o
LOAD ./Drivers/STM32F1xx_HAL_Driver/Src/stm32f1xx_hal_gpio_ex.o
LOAD ./Drivers/STM32F1xx_HAL_Driver/Src/stm32f1xx_hal_pwr.o
LOAD ./Drivers/STM32F1xx_HAL_Driver/Src/stm32f1xx_hal_rcc.o
LOAD ./Drivers/STM32F1xx_HAL_Driver/Src/stm32f1xx_hal_rcc_ex.o
LOAD ./Drivers/STM32F1xx_HAL_Driver/Src/stm32f1xx_hal_tim.o
LOAD ./Drivers/STM32F1xx_HAL_Driver/Src/stm32f1xx_hal_tim_ex.o
START GROUP
LOAD e:/stm32_cubeide/stm32cubeide_1.7.0/stm32cubeide/plugins/com.st.stm32cube.ide.mcu.externaltools.gnu-tools-for-stm32.9-2020-q2-update.win32_2.0.0.202105311346/tools/bin/../lib/gcc/arm-none-eabi/9.3.1/../../../../arm-none-eabi/lib/thumb/v7-m/nofp\libc_nano.a
LOAD e:/stm32_cubeide/stm32cubeide_1.7.0/stm32cubeide/plugins/com.st.stm32cube.ide.mcu.externaltools.gnu-tools-for-stm32.9-2020-q2-update.win32_2.0.0.202105311346/tools/bin/../lib/gcc/arm-none-eabi/9.3.1/../../../../arm-none-eabi/lib/thumb/v7-m/nofp\libm.a
END GROUP
START GROUP
LOAD e:/stm32_cubeide/stm32cubeide_1.7.0/stm32cubeide/plugins/com.st.stm32cube.ide.mcu.externaltools.gnu-tools-for-stm32.9-2020-q2-update.win32_2.0.0.202105311346/tools/bin/../lib/gcc/arm-none-eabi/9.3.1/thumb/v7-m/nofp\libgcc.a
LOAD e:/stm32_cubeide/stm32cubeide_1.7.0/stm32cubeide/plugins/com.st.stm32cube.ide.mcu.externaltools.gnu-tools-for-stm32.9-2020-q2-update.win32_2.0.0.202105311346/tools/bin/../lib/gcc/arm-none-eabi/9.3.1/../../../../arm-none-eabi/lib/thumb/v7-m/nofp\libc_nano.a
END GROUP
START GROUP
LOAD e:/stm32_cubeide/stm32cubeide_1.7.0/stm32cubeide/plugins/com.st.stm32cube.ide.mcu.externaltools.gnu-tools-for-stm32.9-2020-q2-update.win32_2.0.0.202105311346/tools/bin/../lib/gcc/arm-none-eabi/9.3.1/thumb/v7-m/nofp\libgcc.a
LOAD e:/stm32_cubeide/stm32cubeide_1.7.0/stm32cubeide/plugins/com.st.stm32cube.ide.mcu.externaltools.gnu-tools-for-stm32.9-2020-q2-update.win32_2.0.0.202105311346/tools/bin/../lib/gcc/arm-none-eabi/9.3.1/../../../../arm-none-eabi/lib/thumb/v7-m/nofp\libc_nano.a
LOAD e:/stm32_cubeide/stm32cubeide_1.7.0/stm32cubeide/plugins/com.st.stm32cube.ide.mcu.externaltools.gnu-tools-for-stm32.9-2020-q2-update.win32_2.0.0.202105311346/tools/bin/../lib/gcc/arm-none-eabi/9.3.1/../../../../arm-none-eabi/lib/thumb/v7-m/nofp\libnosys.a
END GROUP
START GROUP
LOAD e:/stm32_cubeide/stm32cubeide_1.7.0/stm32cubeide/plugins/com.st.stm32cube.ide.mcu.externaltools.gnu-tools-for-stm32.9-2020-q2-update.win32_2.0.0.202105311346/tools/bin/../lib/gcc/arm-none-eabi/9.3.1/thumb/v7-m/nofp\libgcc.a
LOAD e:/stm32_cubeide/stm32cubeide_1.7.0/stm32cubeide/plugins/com.st.stm32cube.ide.mcu.externaltools.gnu-tools-for-stm32.9-2020-q2-update.win32_2.0.0.202105311346/tools/bin/../lib/gcc/arm-none-eabi/9.3.1/../../../../arm-none-eabi/lib/thumb/v7-m/nofp\libc_nano.a
LOAD e:/stm32_cubeide/stm32cubeide_1.7.0/stm32cubeide/plugins/com.st.stm32cube.ide.mcu.externaltools.gnu-tools-for-stm32.9-2020-q2-update.win32_2.0.0.202105311346/tools/bin/../lib/gcc/arm-none-eabi/9.3.1/../../../../arm-none-eabi/lib/thumb/v7-m/nofp\libnosys.a
END GROUP
LOAD e:/stm32_cubeide/stm32cubeide_1.7.0/stm32cubeide/plugins/com.st.stm32cube.ide.mcu.externaltools.gnu-tools-for-stm32.9-2020-q2-update.win32_2.0.0.202105311346/tools/bin/../lib/gcc/arm-none-eabi/9.3.1/thumb/v7-m/nofp/crtend.o
LOAD e:/stm32_cubeide/stm32cubeide_1.7.0/stm32cubeide/plugins/com.st.stm32cube.ide.mcu.externaltools.gnu-tools-for-stm32.9-2020-q2-update.win32_2.0.0.202105311346/tools/bin/../lib/gcc/arm-none-eabi/9.3.1/thumb/v7-m/nofp/crtn.o
                0x0000000020002800                _estack = (ORIGIN (RAM) + LENGTH (RAM))
                0x0000000000000200                _Min_Heap_Size = 0x200
                0x0000000000000400                _Min_Stack_Size = 0x400

.isr_vector     0x0000000008000000      0x10c
                0x0000000008000000                . = ALIGN (0x4)
 *(.isr_vector)
 .isr_vector    0x0000000008000000      0x10c ./Core/Startup/startup_stm32f103c6ux.o
                0x0000000008000000                g_pfnVectors
                0x000000000800010c                . = ALIGN (0x4)

.text           0x000000000800010c     0x2b90
                0x000000000800010c                . = ALIGN (0x4)
 *(.text)
 .text          0x000000000800010c       0x40 e:/stm32_cubeide/stm32cubeide_1.7.0/stm32cubeide/plugins/com.st.stm32cube.ide.mcu.externaltools.gnu-tools-for-stm32.9-2020-q2-update.win32_2.0.0.202105311346/tools/bin/../lib/gcc/arm-none-eabi/9.3.1/thumb/v7-m/nofp/crtbegin.o
 *(.text*)
 .text.isButtonPressed
                0x000000000800014c       0x34 ./Core/Src/button.o
                0x000000000800014c                isButtonPressed
 .text.subKeyProcess
                0x0000000008000180       0x20 ./Core/Src/button.o
                0x0000000008000180                subKeyProcess
 .text.getKeyInput
                0x00000000080001a0      0x100 ./Core/Src/button.o
                0x00000000080001a0                getKeyInput
 .text.fsm_automatic
                0x00000000080002a0      0x31c ./Core/Src/fsm_automatic.o
                0x00000000080002a0                fsm_automatic
 .text.fsm_manual
                0x00000000080005bc      0x430 ./Core/Src/fsm_manual.o
                0x00000000080005bc                fsm_manual
 .text.initWaitingTime
                0x00000000080009ec       0x34 ./Core/Src/global.o
                0x00000000080009ec                initWaitingTime
 .text.initVar  0x0000000008000a20       0xec ./Core/Src/global.o
                0x0000000008000a20                initVar
 .text.display7SEG1
                0x0000000008000b0c       0xd8 ./Core/Src/led7_segment.o
                0x0000000008000b0c                display7SEG1
 .text.display7SEG2
                0x0000000008000be4       0xe4 ./Core/Src/led7_segment.o
                0x0000000008000be4                display7SEG2
 .text.blinkDigit1
                0x0000000008000cc8       0x74 ./Core/Src/led7_segment.o
                0x0000000008000cc8                blinkDigit1
 .text.blinkDigit2
                0x0000000008000d3c       0x88 ./Core/Src/led7_segment.o
                0x0000000008000d3c                blinkDigit2
 .text.main     0x0000000008000dc4       0x30 ./Core/Src/main.o
                0x0000000008000dc4                main
 .text.SystemClock_Config
                0x0000000008000df4       0x76 ./Core/Src/main.o
                0x0000000008000df4                SystemClock_Config
 *fill*         0x0000000008000e6a        0x2 
 .text.MX_TIM2_Init
                0x0000000008000e6c       0x98 ./Core/Src/main.o
 .text.MX_GPIO_Init
                0x0000000008000f04       0xc8 ./Core/Src/main.o
 .text.HAL_TIM_PeriodElapsedCallback
                0x0000000008000fcc       0x18 ./Core/Src/main.o
                0x0000000008000fcc                HAL_TIM_PeriodElapsedCallback
 .text.Error_Handler
                0x0000000008000fe4        0xa ./Core/Src/main.o
                0x0000000008000fe4                Error_Handler
 *fill*         0x0000000008000fee        0x2 
 .text.setTimer1
                0x0000000008000ff0       0x28 ./Core/Src/software_timer.o
                0x0000000008000ff0                setTimer1
 .text.setTimer2
                0x0000000008001018       0x28 ./Core/Src/software_timer.o
                0x0000000008001018                setTimer2
 .text.setTimer3
                0x0000000008001040       0x28 ./Core/Src/software_timer.o
                0x0000000008001040                setTimer3
 .text.setTimer4
                0x0000000008001068       0x28 ./Core/Src/software_timer.o
                0x0000000008001068                setTimer4
 .text.setTimer5
                0x0000000008001090       0x28 ./Core/Src/software_timer.o
                0x0000000008001090                setTimer5
 .text.setTimer6
                0x00000000080010b8       0x28 ./Core/Src/software_timer.o
                0x00000000080010b8                setTimer6
 .text.setTimer7
                0x00000000080010e0       0x28 ./Core/Src/software_timer.o
                0x00000000080010e0                setTimer7
 .text.setTimer8
                0x0000000008001108       0x28 ./Core/Src/software_timer.o
                0x0000000008001108                setTimer8
 .text.setTimer9
                0x0000000008001130       0x28 ./Core/Src/software_timer.o
                0x0000000008001130                setTimer9
 .text.timerRun
                0x0000000008001158      0x19c ./Core/Src/software_timer.o
                0x0000000008001158                timerRun
 .text.HAL_MspInit
                0x00000000080012f4       0x64 ./Core/Src/stm32f1xx_hal_msp.o
                0x00000000080012f4                HAL_MspInit
 .text.HAL_TIM_Base_MspInit
                0x0000000008001358       0x48 ./Core/Src/stm32f1xx_hal_msp.o
                0x0000000008001358                HAL_TIM_Base_MspInit
 .text.NMI_Handler
                0x00000000080013a0        0x6 ./Core/Src/stm32f1xx_it.o
                0x00000000080013a0                NMI_Handler
 .text.HardFault_Handler
                0x00000000080013a6        0x6 ./Core/Src/stm32f1xx_it.o
                0x00000000080013a6                HardFault_Handler
 .text.MemManage_Handler
                0x00000000080013ac        0x6 ./Core/Src/stm32f1xx_it.o
                0x00000000080013ac                MemManage_Handler
 .text.BusFault_Handler
                0x00000000080013b2        0x6 ./Core/Src/stm32f1xx_it.o
                0x00000000080013b2                BusFault_Handler
 .text.UsageFault_Handler
                0x00000000080013b8        0x6 ./Core/Src/stm32f1xx_it.o
                0x00000000080013b8                UsageFault_Handler
 .text.SVC_Handler
                0x00000000080013be        0xc ./Core/Src/stm32f1xx_it.o
                0x00000000080013be                SVC_Handler
 .text.DebugMon_Handler
                0x00000000080013ca        0xc ./Core/Src/stm32f1xx_it.o
                0x00000000080013ca                DebugMon_Handler
 .text.PendSV_Handler
                0x00000000080013d6        0xc ./Core/Src/stm32f1xx_it.o
                0x00000000080013d6                PendSV_Handler
 .text.SysTick_Handler
                0x00000000080013e2        0xc ./Core/Src/stm32f1xx_it.o
                0x00000000080013e2                SysTick_Handler
 *fill*         0x00000000080013ee        0x2 
 .text.TIM2_IRQHandler
                0x00000000080013f0       0x14 ./Core/Src/stm32f1xx_it.o
                0x00000000080013f0                TIM2_IRQHandler
 .text.SystemInit
                0x0000000008001404        0xc ./Core/Src/system_stm32f1xx.o
                0x0000000008001404                SystemInit
 .text.enableRed1
                0x0000000008001410       0x2c ./Core/Src/traffic_light.o
                0x0000000008001410                enableRed1
 .text.enableYellow1
                0x000000000800143c       0x2c ./Core/Src/traffic_light.o
                0x000000000800143c                enableYellow1
 .text.enableGreen1
                0x0000000008001468       0x2c ./Core/Src/traffic_light.o
                0x0000000008001468                enableGreen1
 .text.enableRed2
                0x0000000008001494       0x2c ./Core/Src/traffic_light.o
                0x0000000008001494                enableRed2
 .text.enableYellow2
                0x00000000080014c0       0x2c ./Core/Src/traffic_light.o
                0x00000000080014c0                enableYellow2
 .text.enableGreen2
                0x00000000080014ec       0x2c ./Core/Src/traffic_light.o
                0x00000000080014ec                enableGreen2
 .text.toggleREDs
                0x0000000008001518       0x44 ./Core/Src/traffic_light.o
                0x0000000008001518                toggleREDs
 .text.toggleGREENs
                0x000000000800155c       0x44 ./Core/Src/traffic_light.o
                0x000000000800155c                toggleGREENs
 .text.toggleYELLOWs
                0x00000000080015a0       0x44 ./Core/Src/traffic_light.o
                0x00000000080015a0                toggleYELLOWs
 .text.Reset_Handler
                0x00000000080015e4       0x48 ./Core/Startup/startup_stm32f103c6ux.o
                0x00000000080015e4                Reset_Handler
 .text.Default_Handler
                0x000000000800162c        0x2 ./Core/Startup/startup_stm32f103c6ux.o
                0x000000000800162c                RTC_Alarm_IRQHandler
                0x000000000800162c                EXTI2_IRQHandler
                0x000000000800162c                TIM1_CC_IRQHandler
                0x000000000800162c                PVD_IRQHandler
                0x000000000800162c                EXTI3_IRQHandler
                0x000000000800162c                EXTI0_IRQHandler
                0x000000000800162c                ADC1_2_IRQHandler
                0x000000000800162c                SPI1_IRQHandler
                0x000000000800162c                TAMPER_IRQHandler
                0x000000000800162c                DMA1_Channel4_IRQHandler
                0x000000000800162c                RTC_IRQHandler
                0x000000000800162c                DMA1_Channel7_IRQHandler
                0x000000000800162c                CAN1_RX1_IRQHandler
                0x000000000800162c                I2C1_EV_IRQHandler
                0x000000000800162c                DMA1_Channel6_IRQHandler
                0x000000000800162c                TIM3_IRQHandler
                0x000000000800162c                RCC_IRQHandler
                0x000000000800162c                TIM1_TRG_COM_IRQHandler
                0x000000000800162c                DMA1_Channel1_IRQHandler
                0x000000000800162c                Default_Handler
                0x000000000800162c                EXTI15_10_IRQHandler
                0x000000000800162c                EXTI9_5_IRQHandler
                0x000000000800162c                DMA1_Channel5_IRQHandler
                0x000000000800162c                EXTI4_IRQHandler
                0x000000000800162c                USB_LP_CAN1_RX0_IRQHandler
                0x000000000800162c                USB_HP_CAN1_TX_IRQHandler
                0x000000000800162c                DMA1_Channel3_IRQHandler
                0x000000000800162c                TIM1_UP_IRQHandler
                0x000000000800162c                WWDG_IRQHandler
                0x000000000800162c                TIM1_BRK_IRQHandler
                0x000000000800162c                EXTI1_IRQHandler
                0x000000000800162c                USART2_IRQHandler
                0x000000000800162c                DMA1_Channel2_IRQHandler
                0x000000000800162c                CAN1_SCE_IRQHandler
                0x000000000800162c                FLASH_IRQHandler
                0x000000000800162c                USART1_IRQHandler
                0x000000000800162c                I2C1_ER_IRQHandler
                0x000000000800162c                USBWakeUp_IRQHandler
 *fill*         0x000000000800162e        0x2 
 .text.HAL_Init
                0x0000000008001630       0x2c ./Drivers/STM32F1xx_HAL_Driver/Src/stm32f1xx_hal.o
                0x0000000008001630                HAL_Init
 .text.HAL_InitTick
                0x000000000800165c       0x60 ./Drivers/STM32F1xx_HAL_Driver/Src/stm32f1xx_hal.o
                0x000000000800165c                HAL_InitTick
 .text.HAL_IncTick
                0x00000000080016bc       0x24 ./Drivers/STM32F1xx_HAL_Driver/Src/stm32f1xx_hal.o
                0x00000000080016bc                HAL_IncTick
 .text.HAL_GetTick
                0x00000000080016e0       0x14 ./Drivers/STM32F1xx_HAL_Driver/Src/stm32f1xx_hal.o
                0x00000000080016e0                HAL_GetTick
 .text.__NVIC_SetPriorityGrouping
                0x00000000080016f4       0x48 ./Drivers/STM32F1xx_HAL_Driver/Src/stm32f1xx_hal_cortex.o
 .text.__NVIC_GetPriorityGrouping
                0x000000000800173c       0x1c ./Drivers/STM32F1xx_HAL_Driver/Src/stm32f1xx_hal_cortex.o
 .text.__NVIC_EnableIRQ
                0x0000000008001758       0x38 ./Drivers/STM32F1xx_HAL_Driver/Src/stm32f1xx_hal_cortex.o
 .text.__NVIC_SetPriority
                0x0000000008001790       0x54 ./Drivers/STM32F1xx_HAL_Driver/Src/stm32f1xx_hal_cortex.o
 .text.NVIC_EncodePriority
                0x00000000080017e4       0x64 ./Drivers/STM32F1xx_HAL_Driver/Src/stm32f1xx_hal_cortex.o
 .text.SysTick_Config
                0x0000000008001848       0x44 ./Drivers/STM32F1xx_HAL_Driver/Src/stm32f1xx_hal_cortex.o
 .text.HAL_NVIC_SetPriorityGrouping
                0x000000000800188c       0x16 ./Drivers/STM32F1xx_HAL_Driver/Src/stm32f1xx_hal_cortex.o
                0x000000000800188c                HAL_NVIC_SetPriorityGrouping
 .text.HAL_NVIC_SetPriority
                0x00000000080018a2       0x38 ./Drivers/STM32F1xx_HAL_Driver/Src/stm32f1xx_hal_cortex.o
                0x00000000080018a2                HAL_NVIC_SetPriority
 .text.HAL_NVIC_EnableIRQ
                0x00000000080018da       0x1c ./Drivers/STM32F1xx_HAL_Driver/Src/stm32f1xx_hal_cortex.o
                0x00000000080018da                HAL_NVIC_EnableIRQ
 .text.HAL_SYSTICK_Config
                0x00000000080018f6       0x18 ./Drivers/STM32F1xx_HAL_Driver/Src/stm32f1xx_hal_cortex.o
                0x00000000080018f6                HAL_SYSTICK_Config
 *fill*         0x000000000800190e        0x2 
 .text.HAL_GPIO_Init
                0x0000000008001910      0x2f4 ./Drivers/STM32F1xx_HAL_Driver/Src/stm32f1xx_hal_gpio.o
                0x0000000008001910                HAL_GPIO_Init
 .text.HAL_GPIO_ReadPin
                0x0000000008001c04       0x2e ./Drivers/STM32F1xx_HAL_Driver/Src/stm32f1xx_hal_gpio.o
                0x0000000008001c04                HAL_GPIO_ReadPin
 .text.HAL_GPIO_WritePin
                0x0000000008001c32       0x30 ./Drivers/STM32F1xx_HAL_Driver/Src/stm32f1xx_hal_gpio.o
                0x0000000008001c32                HAL_GPIO_WritePin
 .text.HAL_GPIO_TogglePin
                0x0000000008001c62       0x32 ./Drivers/STM32F1xx_HAL_Driver/Src/stm32f1xx_hal_gpio.o
                0x0000000008001c62                HAL_GPIO_TogglePin
 .text.HAL_RCC_OscConfig
                0x0000000008001c94      0x500 ./Drivers/STM32F1xx_HAL_Driver/Src/stm32f1xx_hal_rcc.o
                0x0000000008001c94                HAL_RCC_OscConfig
 .text.HAL_RCC_ClockConfig
                0x0000000008002194      0x1d4 ./Drivers/STM32F1xx_HAL_Driver/Src/stm32f1xx_hal_rcc.o
                0x0000000008002194                HAL_RCC_ClockConfig
 .text.HAL_RCC_GetSysClockFreq
                0x0000000008002368       0xc0 ./Drivers/STM32F1xx_HAL_Driver/Src/stm32f1xx_hal_rcc.o
                0x0000000008002368                HAL_RCC_GetSysClockFreq
 .text.RCC_Delay
                0x0000000008002428       0x3c ./Drivers/STM32F1xx_HAL_Driver/Src/stm32f1xx_hal_rcc.o
 .text.HAL_TIM_Base_Init
                0x0000000008002464       0x9e ./Drivers/STM32F1xx_HAL_Driver/Src/stm32f1xx_hal_tim.o
                0x0000000008002464                HAL_TIM_Base_Init
 *fill*         0x0000000008002502        0x2 
 .text.HAL_TIM_Base_Start_IT
                0x0000000008002504       0x98 ./Drivers/STM32F1xx_HAL_Driver/Src/stm32f1xx_hal_tim.o
                0x0000000008002504                HAL_TIM_Base_Start_IT
 .text.HAL_TIM_IRQHandler
                0x000000000800259c      0x210 ./Drivers/STM32F1xx_HAL_Driver/Src/stm32f1xx_hal_tim.o
                0x000000000800259c                HAL_TIM_IRQHandler
 .text.HAL_TIM_ConfigClockSource
                0x00000000080027ac      0x188 ./Drivers/STM32F1xx_HAL_Driver/Src/stm32f1xx_hal_tim.o
                0x00000000080027ac                HAL_TIM_ConfigClockSource
 .text.HAL_TIM_OC_DelayElapsedCallback
                0x0000000008002934       0x12 ./Drivers/STM32F1xx_HAL_Driver/Src/stm32f1xx_hal_tim.o
                0x0000000008002934                HAL_TIM_OC_DelayElapsedCallback
 .text.HAL_TIM_IC_CaptureCallback
                0x0000000008002946       0x12 ./Drivers/STM32F1xx_HAL_Driver/Src/stm32f1xx_hal_tim.o
                0x0000000008002946                HAL_TIM_IC_CaptureCallback
 .text.HAL_TIM_PWM_PulseFinishedCallback
                0x0000000008002958       0x12 ./Drivers/STM32F1xx_HAL_Driver/Src/stm32f1xx_hal_tim.o
                0x0000000008002958                HAL_TIM_PWM_PulseFinishedCallback
 .text.HAL_TIM_TriggerCallback
                0x000000000800296a       0x12 ./Drivers/STM32F1xx_HAL_Driver/Src/stm32f1xx_hal_tim.o
                0x000000000800296a                HAL_TIM_TriggerCallback
 .text.TIM_Base_SetConfig
                0x000000000800297c       0xb0 ./Drivers/STM32F1xx_HAL_Driver/Src/stm32f1xx_hal_tim.o
                0x000000000800297c                TIM_Base_SetConfig
 .text.TIM_TI1_ConfigInputStage
                0x0000000008002a2c       0x5c ./Drivers/STM32F1xx_HAL_Driver/Src/stm32f1xx_hal_tim.o
 .text.TIM_TI2_ConfigInputStage
                0x0000000008002a88       0x5e ./Drivers/STM32F1xx_HAL_Driver/Src/stm32f1xx_hal_tim.o
 .text.TIM_ITRx_SetConfig
                0x0000000008002ae6       0x34 ./Drivers/STM32F1xx_HAL_Driver/Src/stm32f1xx_hal_tim.o
 .text.TIM_ETR_SetConfig
                0x0000000008002b1a       0x3e ./Drivers/STM32F1xx_HAL_Driver/Src/stm32f1xx_hal_tim.o
                0x0000000008002b1a                TIM_ETR_SetConfig
 .text.HAL_TIMEx_MasterConfigSynchronization
                0x0000000008002b58       0xb0 ./Drivers/STM32F1xx_HAL_Driver/Src/stm32f1xx_hal_tim_ex.o
                0x0000000008002b58                HAL_TIMEx_MasterConfigSynchronization
 .text.HAL_TIMEx_CommutCallback
                0x0000000008002c08       0x12 ./Drivers/STM32F1xx_HAL_Driver/Src/stm32f1xx_hal_tim_ex.o
                0x0000000008002c08                HAL_TIMEx_CommutCallback
 .text.HAL_TIMEx_BreakCallback
                0x0000000008002c1a       0x12 ./Drivers/STM32F1xx_HAL_Driver/Src/stm32f1xx_hal_tim_ex.o
                0x0000000008002c1a                HAL_TIMEx_BreakCallback
 .text.__libc_init_array
                0x0000000008002c2c       0x48 e:/stm32_cubeide/stm32cubeide_1.7.0/stm32cubeide/plugins/com.st.stm32cube.ide.mcu.externaltools.gnu-tools-for-stm32.9-2020-q2-update.win32_2.0.0.202105311346/tools/bin/../lib/gcc/arm-none-eabi/9.3.1/../../../../arm-none-eabi/lib/thumb/v7-m/nofp\libc_nano.a(lib_a-init.o)
                0x0000000008002c2c                __libc_init_array
 .text.memset   0x0000000008002c74       0x10 e:/stm32_cubeide/stm32cubeide_1.7.0/stm32cubeide/plugins/com.st.stm32cube.ide.mcu.externaltools.gnu-tools-for-stm32.9-2020-q2-update.win32_2.0.0.202105311346/tools/bin/../lib/gcc/arm-none-eabi/9.3.1/../../../../arm-none-eabi/lib/thumb/v7-m/nofp\libc_nano.a(lib_a-memset.o)
                0x0000000008002c74                memset
 *(.glue_7)
 .glue_7        0x0000000008002c84        0x0 linker stubs
 *(.glue_7t)
 .glue_7t       0x0000000008002c84        0x0 linker stubs
 *(.eh_frame)
 .eh_frame      0x0000000008002c84        0x0 e:/stm32_cubeide/stm32cubeide_1.7.0/stm32cubeide/plugins/com.st.stm32cube.ide.mcu.externaltools.gnu-tools-for-stm32.9-2020-q2-update.win32_2.0.0.202105311346/tools/bin/../lib/gcc/arm-none-eabi/9.3.1/thumb/v7-m/nofp/crtbegin.o
 *(.init)
 .init          0x0000000008002c84        0x4 e:/stm32_cubeide/stm32cubeide_1.7.0/stm32cubeide/plugins/com.st.stm32cube.ide.mcu.externaltools.gnu-tools-for-stm32.9-2020-q2-update.win32_2.0.0.202105311346/tools/bin/../lib/gcc/arm-none-eabi/9.3.1/thumb/v7-m/nofp/crti.o
                0x0000000008002c84                _init
 .init          0x0000000008002c88        0x8 e:/stm32_cubeide/stm32cubeide_1.7.0/stm32cubeide/plugins/com.st.stm32cube.ide.mcu.externaltools.gnu-tools-for-stm32.9-2020-q2-update.win32_2.0.0.202105311346/tools/bin/../lib/gcc/arm-none-eabi/9.3.1/thumb/v7-m/nofp/crtn.o
 *(.fini)
 .fini          0x0000000008002c90        0x4 e:/stm32_cubeide/stm32cubeide_1.7.0/stm32cubeide/plugins/com.st.stm32cube.ide.mcu.externaltools.gnu-tools-for-stm32.9-2020-q2-update.win32_2.0.0.202105311346/tools/bin/../lib/gcc/arm-none-eabi/9.3.1/thumb/v7-m/nofp/crti.o
                0x0000000008002c90                _fini
 .fini          0x0000000008002c94        0x8 e:/stm32_cubeide/stm32cubeide_1.7.0/stm32cubeide/plugins/com.st.stm32cube.ide.mcu.externaltools.gnu-tools-for-stm32.9-2020-q2-update.win32_2.0.0.202105311346/tools/bin/../lib/gcc/arm-none-eabi/9.3.1/thumb/v7-m/nofp/crtn.o
                0x0000000008002c9c                . = ALIGN (0x4)
                0x0000000008002c9c                _etext = .

.vfp11_veneer   0x0000000008002c9c        0x0
 .vfp11_veneer  0x0000000008002c9c        0x0 linker stubs

.v4_bx          0x0000000008002c9c        0x0
 .v4_bx         0x0000000008002c9c        0x0 linker stubs

.iplt           0x0000000008002c9c        0x0
 .iplt          0x0000000008002c9c        0x0 e:/stm32_cubeide/stm32cubeide_1.7.0/stm32cubeide/plugins/com.st.stm32cube.ide.mcu.externaltools.gnu-tools-for-stm32.9-2020-q2-update.win32_2.0.0.202105311346/tools/bin/../lib/gcc/arm-none-eabi/9.3.1/thumb/v7-m/nofp/crtbegin.o

.rodata         0x0000000008002c9c       0x2c
                0x0000000008002c9c                . = ALIGN (0x4)
 *(.rodata)
 .rodata        0x0000000008002c9c       0x10 ./Drivers/STM32F1xx_HAL_Driver/Src/stm32f1xx_hal_rcc.o
 *(.rodata*)
 .rodata.sevenSegTable
                0x0000000008002cac        0xa ./Core/Src/led7_segment.o
                0x0000000008002cac                sevenSegTable
 *fill*         0x0000000008002cb6        0x2 
 .rodata.AHBPrescTable
                0x0000000008002cb8       0x10 ./Core/Src/system_stm32f1xx.o
                0x0000000008002cb8                AHBPrescTable
                0x0000000008002cc8                . = ALIGN (0x4)

.rel.dyn        0x0000000008002cc8        0x0
 .rel.iplt      0x0000000008002cc8        0x0 e:/stm32_cubeide/stm32cubeide_1.7.0/stm32cubeide/plugins/com.st.stm32cube.ide.mcu.externaltools.gnu-tools-for-stm32.9-2020-q2-update.win32_2.0.0.202105311346/tools/bin/../lib/gcc/arm-none-eabi/9.3.1/thumb/v7-m/nofp/crtbegin.o

.ARM.extab      0x0000000008002cc8        0x0
                0x0000000008002cc8                . = ALIGN (0x4)
 *(.ARM.extab* .gnu.linkonce.armextab.*)
                0x0000000008002cc8                . = ALIGN (0x4)

.ARM            0x0000000008002cc8        0x0
                0x0000000008002cc8                . = ALIGN (0x4)
                0x0000000008002cc8                __exidx_start = .
 *(.ARM.exidx*)
                0x0000000008002cc8                __exidx_end = .
                0x0000000008002cc8                . = ALIGN (0x4)

.preinit_array  0x0000000008002cc8        0x0
                0x0000000008002cc8                . = ALIGN (0x4)
                0x0000000008002cc8                PROVIDE (__preinit_array_start = .)
 *(.preinit_array*)
                0x0000000008002cc8                PROVIDE (__preinit_array_end = .)
                0x0000000008002cc8                . = ALIGN (0x4)

.init_array     0x0000000008002cc8        0x4
                0x0000000008002cc8                . = ALIGN (0x4)
                0x0000000008002cc8                PROVIDE (__init_array_start = .)
 *(SORT_BY_NAME(.init_array.*))
 *(.init_array*)
 .init_array    0x0000000008002cc8        0x4 e:/stm32_cubeide/stm32cubeide_1.7.0/stm32cubeide/plugins/com.st.stm32cube.ide.mcu.externaltools.gnu-tools-for-stm32.9-2020-q2-update.win32_2.0.0.202105311346/tools/bin/../lib/gcc/arm-none-eabi/9.3.1/thumb/v7-m/nofp/crtbegin.o
                0x0000000008002ccc                PROVIDE (__init_array_end = .)
                0x0000000008002ccc                . = ALIGN (0x4)

.fini_array     0x0000000008002ccc        0x4
                0x0000000008002ccc                . = ALIGN (0x4)
                [!provide]                        PROVIDE (__fini_array_start = .)
 *(SORT_BY_NAME(.fini_array.*))
 *(.fini_array*)
 .fini_array    0x0000000008002ccc        0x4 e:/stm32_cubeide/stm32cubeide_1.7.0/stm32cubeide/plugins/com.st.stm32cube.ide.mcu.externaltools.gnu-tools-for-stm32.9-2020-q2-update.win32_2.0.0.202105311346/tools/bin/../lib/gcc/arm-none-eabi/9.3.1/thumb/v7-m/nofp/crtbegin.o
                [!provide]                        PROVIDE (__fini_array_end = .)
                0x0000000008002cd0                . = ALIGN (0x4)
                0x0000000008002cd0                _sidata = LOADADDR (.data)

.data           0x0000000020000000       0x60 load address 0x0000000008002cd0
                0x0000000020000000                . = ALIGN (0x4)
                0x0000000020000000                _sdata = .
 *(.data)
 *(.data*)
 .data.buttonList
                0x0000000020000000       0x10 ./Core/Src/button.o
                0x0000000020000000                buttonList
 .data.KeyReg0  0x0000000020000010       0x10 ./Core/Src/button.o
                0x0000000020000010                KeyReg0
 .data.KeyReg1  0x0000000020000020       0x10 ./Core/Src/button.o
                0x0000000020000020                KeyReg1
 .data.KeyReg2  0x0000000020000030       0x10 ./Core/Src/button.o
                0x0000000020000030                KeyReg2
 .data.KeyReg3  0x0000000020000040       0x10 ./Core/Src/button.o
                0x0000000020000040                KeyReg3
 .data.TimeForKeyPress
                0x0000000020000050        0x4 ./Core/Src/button.o
                0x0000000020000050                TimeForKeyPress
 .data.SystemCoreClock
                0x0000000020000054        0x4 ./Core/Src/system_stm32f1xx.o
                0x0000000020000054                SystemCoreClock
 .data.uwTickPrio
                0x0000000020000058        0x4 ./Drivers/STM32F1xx_HAL_Driver/Src/stm32f1xx_hal.o
                0x0000000020000058                uwTickPrio
 .data.uwTickFreq
                0x000000002000005c        0x1 ./Drivers/STM32F1xx_HAL_Driver/Src/stm32f1xx_hal.o
                0x000000002000005c                uwTickFreq
 *(.RamFunc)
 *(.RamFunc*)
                0x0000000020000060                . = ALIGN (0x4)
 *fill*         0x000000002000005d        0x3 
                0x0000000020000060                _edata = .

.igot.plt       0x0000000020000060        0x0 load address 0x0000000008002d30
 .igot.plt      0x0000000020000060        0x0 e:/stm32_cubeide/stm32cubeide_1.7.0/stm32cubeide/plugins/com.st.stm32cube.ide.mcu.externaltools.gnu-tools-for-stm32.9-2020-q2-update.win32_2.0.0.202105311346/tools/bin/../lib/gcc/arm-none-eabi/9.3.1/thumb/v7-m/nofp/crtbegin.o
                0x0000000020000060                . = ALIGN (0x4)

.bss            0x0000000020000060      0x12c load address 0x0000000008002d30
                0x0000000020000060                _sbss = .
                0x0000000020000060                __bss_start__ = _sbss
 *(.bss)
 .bss           0x0000000020000060       0x1c e:/stm32_cubeide/stm32cubeide_1.7.0/stm32cubeide/plugins/com.st.stm32cube.ide.mcu.externaltools.gnu-tools-for-stm32.9-2020-q2-update.win32_2.0.0.202105311346/tools/bin/../lib/gcc/arm-none-eabi/9.3.1/thumb/v7-m/nofp/crtbegin.o
 *(.bss*)
 .bss.button_flag
                0x000000002000007c       0x10 ./Core/Src/button.o
                0x000000002000007c                button_flag
 .bss.led_buffer
                0x000000002000008c        0x8 ./Core/Src/fsm_automatic.o
                0x000000002000008c                led_buffer
 .bss.mode      0x0000000020000094        0x4 ./Core/Src/global.o
                0x0000000020000094                mode
 .bss.statusAUTO1
                0x0000000020000098        0x4 ./Core/Src/global.o
                0x0000000020000098                statusAUTO1
 .bss.statusAUTO2
                0x000000002000009c        0x4 ./Core/Src/global.o
                0x000000002000009c                statusAUTO2
 .bss.statusAUTO3
                0x00000000200000a0        0x4 ./Core/Src/global.o
                0x00000000200000a0                statusAUTO3
 .bss.statusAUTO4
                0x00000000200000a4        0x4 ./Core/Src/global.o
                0x00000000200000a4                statusAUTO4
 .bss.statusMODE2_1
                0x00000000200000a8        0x4 ./Core/Src/global.o
                0x00000000200000a8                statusMODE2_1
 .bss.statusMODE2_2
                0x00000000200000ac        0x4 ./Core/Src/global.o
                0x00000000200000ac                statusMODE2_2
 .bss.statusMODE2_3
                0x00000000200000b0        0x4 ./Core/Src/global.o
                0x00000000200000b0                statusMODE2_3
 .bss.statusMODE3_1
                0x00000000200000b4        0x4 ./Core/Src/global.o
                0x00000000200000b4                statusMODE3_1
 .bss.statusMODE3_2
                0x00000000200000b8        0x4 ./Core/Src/global.o
                0x00000000200000b8                statusMODE3_2
 .bss.statusMODE3_3
                0x00000000200000bc        0x4 ./Core/Src/global.o
                0x00000000200000bc                statusMODE3_3
 .bss.statusMODE4_1
                0x00000000200000c0        0x4 ./Core/Src/global.o
                0x00000000200000c0                statusMODE4_1
 .bss.statusMODE4_2
                0x00000000200000c4        0x4 ./Core/Src/global.o
                0x00000000200000c4                statusMODE4_2
 .bss.statusMODE4_3
                0x00000000200000c8        0x4 ./Core/Src/global.o
                0x00000000200000c8                statusMODE4_3
 .bss.AUTO_RED  0x00000000200000cc        0x4 ./Core/Src/global.o
                0x00000000200000cc                AUTO_RED
 .bss.AUTO_GREEN
                0x00000000200000d0        0x4 ./Core/Src/global.o
                0x00000000200000d0                AUTO_GREEN
 .bss.AUTO_YELLOW
                0x00000000200000d4        0x4 ./Core/Src/global.o
                0x00000000200000d4                AUTO_YELLOW
 .bss.counterRed1
                0x00000000200000d8        0x4 ./Core/Src/global.o
                0x00000000200000d8                counterRed1
 .bss.counterGreen1
                0x00000000200000dc        0x4 ./Core/Src/global.o
                0x00000000200000dc                counterGreen1
 .bss.counterYellow1
                0x00000000200000e0        0x4 ./Core/Src/global.o
                0x00000000200000e0                counterYellow1
 .bss.counterRed2
                0x00000000200000e4        0x4 ./Core/Src/global.o
                0x00000000200000e4                counterRed2
 .bss.counterGreen2
                0x00000000200000e8        0x4 ./Core/Src/global.o
                0x00000000200000e8                counterGreen2
 .bss.counterYellow2
                0x00000000200000ec        0x4 ./Core/Src/global.o
                0x00000000200000ec                counterYellow2
 .bss.timer1_counter
                0x00000000200000f0        0x4 ./Core/Src/software_timer.o
                0x00000000200000f0                timer1_counter
 .bss.timer1_flag
                0x00000000200000f4        0x4 ./Core/Src/software_timer.o
                0x00000000200000f4                timer1_flag
 .bss.timer2_counter
                0x00000000200000f8        0x4 ./Core/Src/software_timer.o
                0x00000000200000f8                timer2_counter
 .bss.timer2_flag
                0x00000000200000fc        0x4 ./Core/Src/software_timer.o
                0x00000000200000fc                timer2_flag
 .bss.timer3_counter
                0x0000000020000100        0x4 ./Core/Src/software_timer.o
                0x0000000020000100                timer3_counter
 .bss.timer3_flag
                0x0000000020000104        0x4 ./Core/Src/software_timer.o
                0x0000000020000104                timer3_flag
 .bss.timer4_counter
                0x0000000020000108        0x4 ./Core/Src/software_timer.o
                0x0000000020000108                timer4_counter
 .bss.timer4_flag
                0x000000002000010c        0x4 ./Core/Src/software_timer.o
                0x000000002000010c                timer4_flag
 .bss.timer5_counter
                0x0000000020000110        0x4 ./Core/Src/software_timer.o
                0x0000000020000110                timer5_counter
 .bss.timer5_flag
                0x0000000020000114        0x4 ./Core/Src/software_timer.o
                0x0000000020000114                timer5_flag
 .bss.timer6_counter
                0x0000000020000118        0x4 ./Core/Src/software_timer.o
                0x0000000020000118                timer6_counter
 .bss.timer6_flag
                0x000000002000011c        0x4 ./Core/Src/software_timer.o
                0x000000002000011c                timer6_flag
 .bss.timer7_counter
                0x0000000020000120        0x4 ./Core/Src/software_timer.o
                0x0000000020000120                timer7_counter
 .bss.timer7_flag
                0x0000000020000124        0x4 ./Core/Src/software_timer.o
                0x0000000020000124                timer7_flag
 .bss.timer8_counter
                0x0000000020000128        0x4 ./Core/Src/software_timer.o
                0x0000000020000128                timer8_counter
 .bss.timer8_flag
                0x000000002000012c        0x4 ./Core/Src/software_timer.o
                0x000000002000012c                timer8_flag
 .bss.timer9_counter
                0x0000000020000130        0x4 ./Core/Src/software_timer.o
                0x0000000020000130                timer9_counter
 .bss.timer9_flag
                0x0000000020000134        0x4 ./Core/Src/software_timer.o
                0x0000000020000134                timer9_flag
 .bss.timer10_counter
                0x0000000020000138        0x4 ./Core/Src/software_timer.o
                0x0000000020000138                timer10_counter
 .bss.timer10_flag
                0x000000002000013c        0x4 ./Core/Src/software_timer.o
                0x000000002000013c                timer10_flag
 *(COMMON)
 COMMON         0x0000000020000140       0x48 ./Core/Src/main.o
                0x0000000020000140                htim2
 COMMON         0x0000000020000188        0x4 ./Drivers/STM32F1xx_HAL_Driver/Src/stm32f1xx_hal.o
                0x0000000020000188                uwTick
                0x000000002000018c                . = ALIGN (0x4)
                0x000000002000018c                _ebss = .
                0x000000002000018c                __bss_end__ = _ebss

._user_heap_stack
                0x000000002000018c      0x604 load address 0x0000000008002d30
                0x0000000020000190                . = ALIGN (0x8)
 *fill*         0x000000002000018c        0x4 
                [!provide]                        PROVIDE (end = .)
                0x0000000020000190                PROVIDE (_end = .)
                0x0000000020000390                . = (. + _Min_Heap_Size)
 *fill*         0x0000000020000190      0x200 
                0x0000000020000790                . = (. + _Min_Stack_Size)
 *fill*         0x0000000020000390      0x400 
                0x0000000020000790                . = ALIGN (0x8)

/DISCARD/
 libc.a(*)
 libm.a(*)
 libgcc.a(*)

.ARM.attributes
                0x0000000000000000       0x29
 *(.ARM.attributes)
 .ARM.attributes
                0x0000000000000000       0x1d e:/stm32_cubeide/stm32cubeide_1.7.0/stm32cubeide/plugins/com.st.stm32cube.ide.mcu.externaltools.gnu-tools-for-stm32.9-2020-q2-update.win32_2.0.0.202105311346/tools/bin/../lib/gcc/arm-none-eabi/9.3.1/thumb/v7-m/nofp/crti.o
 .ARM.attributes
                0x000000000000001d       0x2d e:/stm32_cubeide/stm32cubeide_1.7.0/stm32cubeide/plugins/com.st.stm32cube.ide.mcu.externaltools.gnu-tools-for-stm32.9-2020-q2-update.win32_2.0.0.202105311346/tools/bin/../lib/gcc/arm-none-eabi/9.3.1/thumb/v7-m/nofp/crtbegin.o
 .ARM.attributes
                0x000000000000004a       0x2d ./Core/Src/button.o
 .ARM.attributes
                0x0000000000000077       0x2d ./Core/Src/fsm_automatic.o
 .ARM.attributes
                0x00000000000000a4       0x2d ./Core/Src/fsm_manual.o
 .ARM.attributes
                0x00000000000000d1       0x2d ./Core/Src/global.o
 .ARM.attributes
                0x00000000000000fe       0x2d ./Core/Src/led7_segment.o
 .ARM.attributes
                0x000000000000012b       0x2d ./Core/Src/main.o
 .ARM.attributes
                0x0000000000000158       0x2d ./Core/Src/software_timer.o
 .ARM.attributes
                0x0000000000000185       0x2d ./Core/Src/stm32f1xx_hal_msp.o
 .ARM.attributes
                0x00000000000001b2       0x2d ./Core/Src/stm32f1xx_it.o
 .ARM.attributes
                0x00000000000001df       0x2d ./Core/Src/system_stm32f1xx.o
 .ARM.attributes
                0x000000000000020c       0x2d ./Core/Src/traffic_light.o
 .ARM.attributes
                0x0000000000000239       0x21 ./Core/Startup/startup_stm32f103c6ux.o
 .ARM.attributes
                0x000000000000025a       0x2d ./Drivers/STM32F1xx_HAL_Driver/Src/stm32f1xx_hal.o
 .ARM.attributes
                0x0000000000000287       0x2d ./Drivers/STM32F1xx_HAL_Driver/Src/stm32f1xx_hal_cortex.o
 .ARM.attributes
                0x00000000000002b4       0x2d ./Drivers/STM32F1xx_HAL_Driver/Src/stm32f1xx_hal_gpio.o
 .ARM.attributes
                0x00000000000002e1       0x2d ./Drivers/STM32F1xx_HAL_Driver/Src/stm32f1xx_hal_rcc.o
 .ARM.attributes
                0x000000000000030e       0x2d ./Drivers/STM32F1xx_HAL_Driver/Src/stm32f1xx_hal_tim.o
 .ARM.attributes
                0x000000000000033b       0x2d ./Drivers/STM32F1xx_HAL_Driver/Src/stm32f1xx_hal_tim_ex.o
 .ARM.attributes
                0x0000000000000368       0x2d e:/stm32_cubeide/stm32cubeide_1.7.0/stm32cubeide/plugins/com.st.stm32cube.ide.mcu.externaltools.gnu-tools-for-stm32.9-2020-q2-update.win32_2.0.0.202105311346/tools/bin/../lib/gcc/arm-none-eabi/9.3.1/../../../../arm-none-eabi/lib/thumb/v7-m/nofp\libc_nano.a(lib_a-init.o)
 .ARM.attributes
                0x0000000000000395       0x2d e:/stm32_cubeide/stm32cubeide_1.7.0/stm32cubeide/plugins/com.st.stm32cube.ide.mcu.externaltools.gnu-tools-for-stm32.9-2020-q2-update.win32_2.0.0.202105311346/tools/bin/../lib/gcc/arm-none-eabi/9.3.1/../../../../arm-none-eabi/lib/thumb/v7-m/nofp\libc_nano.a(lib_a-memset.o)
 .ARM.attributes
                0x00000000000003c2       0x1d e:/stm32_cubeide/stm32cubeide_1.7.0/stm32cubeide/plugins/com.st.stm32cube.ide.mcu.externaltools.gnu-tools-for-stm32.9-2020-q2-update.win32_2.0.0.202105311346/tools/bin/../lib/gcc/arm-none-eabi/9.3.1/thumb/v7-m/nofp/crtn.o
OUTPUT(LAB3.elf elf32-littlearm)
LOAD linker stubs
LOAD e:/stm32_cubeide/stm32cubeide_1.7.0/stm32cubeide/plugins/com.st.stm32cube.ide.mcu.externaltools.gnu-tools-for-stm32.9-2020-q2-update.win32_2.0.0.202105311346/tools/bin/../lib/gcc/arm-none-eabi/9.3.1/../../../../arm-none-eabi/lib/thumb/v7-m/nofp\libc.a
LOAD e:/stm32_cubeide/stm32cubeide_1.7.0/stm32cubeide/plugins/com.st.stm32cube.ide.mcu.externaltools.gnu-tools-for-stm32.9-2020-q2-update.win32_2.0.0.202105311346/tools/bin/../lib/gcc/arm-none-eabi/9.3.1/../../../../arm-none-eabi/lib/thumb/v7-m/nofp\libm.a
LOAD e:/stm32_cubeide/stm32cubeide_1.7.0/stm32cubeide/plugins/com.st.stm32cube.ide.mcu.externaltools.gnu-tools-for-stm32.9-2020-q2-update.win32_2.0.0.202105311346/tools/bin/../lib/gcc/arm-none-eabi/9.3.1/thumb/v7-m/nofp\libgcc.a

.debug_info     0x0000000000000000     0x9dcb
 .debug_info    0x0000000000000000      0x4c1 ./Core/Src/button.o
 .debug_info    0x00000000000004c1      0x340 ./Core/Src/fsm_automatic.o
 .debug_info    0x0000000000000801      0x31e ./Core/Src/fsm_manual.o
 .debug_info    0x0000000000000b1f      0x472 ./Core/Src/global.o
 .debug_info    0x0000000000000f91      0x306 ./Core/Src/led7_segment.o
 .debug_info    0x0000000000001297      0xd1c ./Core/Src/main.o
 .debug_info    0x0000000000001fb3      0x372 ./Core/Src/software_timer.o
 .debug_info    0x0000000000002325      0xa04 ./Core/Src/stm32f1xx_hal_msp.o
 .debug_info    0x0000000000002d29      0x7b4 ./Core/Src/stm32f1xx_it.o
 .debug_info    0x00000000000034dd      0x2be ./Core/Src/system_stm32f1xx.o
 .debug_info    0x000000000000379b      0x45b ./Core/Src/traffic_light.o
 .debug_info    0x0000000000003bf6       0x22 ./Core/Startup/startup_stm32f103c6ux.o
 .debug_info    0x0000000000003c18      0x74c ./Drivers/STM32F1xx_HAL_Driver/Src/stm32f1xx_hal.o
 .debug_info    0x0000000000004364      0xbbe ./Drivers/STM32F1xx_HAL_Driver/Src/stm32f1xx_hal_cortex.o
 .debug_info    0x0000000000004f22      0x701 ./Drivers/STM32F1xx_HAL_Driver/Src/stm32f1xx_hal_gpio.o
 .debug_info    0x0000000000005623      0x88e ./Drivers/STM32F1xx_HAL_Driver/Src/stm32f1xx_hal_rcc.o
 .debug_info    0x0000000000005eb1     0x2a45 ./Drivers/STM32F1xx_HAL_Driver/Src/stm32f1xx_hal_tim.o
 .debug_info    0x00000000000088f6     0x14d5 ./Drivers/STM32F1xx_HAL_Driver/Src/stm32f1xx_hal_tim_ex.o

.debug_abbrev   0x0000000000000000     0x1ba4
 .debug_abbrev  0x0000000000000000      0x16e ./Core/Src/button.o
 .debug_abbrev  0x000000000000016e       0xcb ./Core/Src/fsm_automatic.o
 .debug_abbrev  0x0000000000000239       0xb8 ./Core/Src/fsm_manual.o
 .debug_abbrev  0x00000000000002f1       0xc7 ./Core/Src/global.o
 .debug_abbrev  0x00000000000003b8      0x152 ./Core/Src/led7_segment.o
 .debug_abbrev  0x000000000000050a      0x22c ./Core/Src/main.o
 .debug_abbrev  0x0000000000000736       0xc3 ./Core/Src/software_timer.o
 .debug_abbrev  0x00000000000007f9      0x1b7 ./Core/Src/stm32f1xx_hal_msp.o
 .debug_abbrev  0x00000000000009b0      0x176 ./Core/Src/stm32f1xx_it.o
 .debug_abbrev  0x0000000000000b26      0x14e ./Core/Src/system_stm32f1xx.o
 .debug_abbrev  0x0000000000000c74       0xff ./Core/Src/traffic_light.o
 .debug_abbrev  0x0000000000000d73       0x12 ./Core/Startup/startup_stm32f103c6ux.o
 .debug_abbrev  0x0000000000000d85      0x1ed ./Drivers/STM32F1xx_HAL_Driver/Src/stm32f1xx_hal.o
 .debug_abbrev  0x0000000000000f72      0x313 ./Drivers/STM32F1xx_HAL_Driver/Src/stm32f1xx_hal_cortex.o
 .debug_abbrev  0x0000000000001285      0x1e8 ./Drivers/STM32F1xx_HAL_Driver/Src/stm32f1xx_hal_gpio.o
 .debug_abbrev  0x000000000000146d      0x273 ./Drivers/STM32F1xx_HAL_Driver/Src/stm32f1xx_hal_rcc.o
 .debug_abbrev  0x00000000000016e0      0x25e ./Drivers/STM32F1xx_HAL_Driver/Src/stm32f1xx_hal_tim.o
 .debug_abbrev  0x000000000000193e      0x266 ./Drivers/STM32F1xx_HAL_Driver/Src/stm32f1xx_hal_tim_ex.o

.debug_aranges  0x0000000000000000      0xad0
 .debug_aranges
                0x0000000000000000       0x30 ./Core/Src/button.o
 .debug_aranges
                0x0000000000000030       0x20 ./Core/Src/fsm_automatic.o
 .debug_aranges
                0x0000000000000050       0x20 ./Core/Src/fsm_manual.o
 .debug_aranges
                0x0000000000000070       0x28 ./Core/Src/global.o
 .debug_aranges
                0x0000000000000098       0x38 ./Core/Src/led7_segment.o
 .debug_aranges
                0x00000000000000d0       0x48 ./Core/Src/main.o
 .debug_aranges
                0x0000000000000118       0x70 ./Core/Src/software_timer.o
 .debug_aranges
                0x0000000000000188       0x30 ./Core/Src/stm32f1xx_hal_msp.o
 .debug_aranges
                0x00000000000001b8       0x68 ./Core/Src/stm32f1xx_it.o
 .debug_aranges
                0x0000000000000220       0x28 ./Core/Src/system_stm32f1xx.o
 .debug_aranges
                0x0000000000000248       0x60 ./Core/Src/traffic_light.o
 .debug_aranges
                0x00000000000002a8       0x28 ./Core/Startup/startup_stm32f103c6ux.o
 .debug_aranges
                0x00000000000002d0       0xe0 ./Drivers/STM32F1xx_HAL_Driver/Src/stm32f1xx_hal.o
 .debug_aranges
                0x00000000000003b0      0x100 ./Drivers/STM32F1xx_HAL_Driver/Src/stm32f1xx_hal_cortex.o
 .debug_aranges
                0x00000000000004b0       0x58 ./Drivers/STM32F1xx_HAL_Driver/Src/stm32f1xx_hal_gpio.o
 .debug_aranges
                0x0000000000000508       0x90 ./Drivers/STM32F1xx_HAL_Driver/Src/stm32f1xx_hal_rcc.o
 .debug_aranges
                0x0000000000000598      0x3d0 ./Drivers/STM32F1xx_HAL_Driver/Src/stm32f1xx_hal_tim.o
 .debug_aranges
                0x0000000000000968      0x168 ./Drivers/STM32F1xx_HAL_Driver/Src/stm32f1xx_hal_tim_ex.o

.debug_ranges   0x0000000000000000      0x9b8
 .debug_ranges  0x0000000000000000       0x20 ./Core/Src/button.o
 .debug_ranges  0x0000000000000020       0x10 ./Core/Src/fsm_automatic.o
 .debug_ranges  0x0000000000000030       0x10 ./Core/Src/fsm_manual.o
 .debug_ranges  0x0000000000000040       0x18 ./Core/Src/global.o
 .debug_ranges  0x0000000000000058       0x28 ./Core/Src/led7_segment.o
 .debug_ranges  0x0000000000000080       0x38 ./Core/Src/main.o
 .debug_ranges  0x00000000000000b8       0x60 ./Core/Src/software_timer.o
 .debug_ranges  0x0000000000000118       0x20 ./Core/Src/stm32f1xx_hal_msp.o
 .debug_ranges  0x0000000000000138       0x58 ./Core/Src/stm32f1xx_it.o
 .debug_ranges  0x0000000000000190       0x18 ./Core/Src/system_stm32f1xx.o
 .debug_ranges  0x00000000000001a8       0x50 ./Core/Src/traffic_light.o
 .debug_ranges  0x00000000000001f8       0x20 ./Core/Startup/startup_stm32f103c6ux.o
 .debug_ranges  0x0000000000000218       0xd0 ./Drivers/STM32F1xx_HAL_Driver/Src/stm32f1xx_hal.o
 .debug_ranges  0x00000000000002e8       0xf0 ./Drivers/STM32F1xx_HAL_Driver/Src/stm32f1xx_hal_cortex.o
 .debug_ranges  0x00000000000003d8       0x48 ./Drivers/STM32F1xx_HAL_Driver/Src/stm32f1xx_hal_gpio.o
 .debug_ranges  0x0000000000000420       0x80 ./Drivers/STM32F1xx_HAL_Driver/Src/stm32f1xx_hal_rcc.o
 .debug_ranges  0x00000000000004a0      0x3c0 ./Drivers/STM32F1xx_HAL_Driver/Src/stm32f1xx_hal_tim.o
 .debug_ranges  0x0000000000000860      0x158 ./Drivers/STM32F1xx_HAL_Driver/Src/stm32f1xx_hal_tim_ex.o

.debug_macro    0x0000000000000000    0x16f55
 .debug_macro   0x0000000000000000      0x1eb ./Core/Src/button.o
 .debug_macro   0x00000000000001eb      0xa9c ./Core/Src/button.o
 .debug_macro   0x0000000000000c87      0x215 ./Core/Src/button.o
 .debug_macro   0x0000000000000e9c       0x2e ./Core/Src/button.o
 .debug_macro   0x0000000000000eca       0x22 ./Core/Src/button.o
 .debug_macro   0x0000000000000eec       0x22 ./Core/Src/button.o
 .debug_macro   0x0000000000000f0e       0x8e ./Core/Src/button.o
 .debug_macro   0x0000000000000f9c       0x51 ./Core/Src/button.o
 .debug_macro   0x0000000000000fed      0x103 ./Core/Src/button.o
 .debug_macro   0x00000000000010f0       0x6a ./Core/Src/button.o
 .debug_macro   0x000000000000115a      0x1df ./Core/Src/button.o
 .debug_macro   0x0000000000001339       0x1c ./Core/Src/button.o
 .debug_macro   0x0000000000001355       0x22 ./Core/Src/button.o
 .debug_macro   0x0000000000001377       0xc3 ./Core/Src/button.o
 .debug_macro   0x000000000000143a      0xd23 ./Core/Src/button.o
 .debug_macro   0x000000000000215d     0xde75 ./Core/Src/button.o
 .debug_macro   0x000000000000ffd2       0x6d ./Core/Src/button.o
 .debug_macro   0x000000000001003f     0x3468 ./Core/Src/button.o
 .debug_macro   0x00000000000134a7      0x174 ./Core/Src/button.o
 .debug_macro   0x000000000001361b       0x5c ./Core/Src/button.o
 .debug_macro   0x0000000000013677      0x5be ./Core/Src/button.o
 .debug_macro   0x0000000000013c35      0x1b7 ./Core/Src/button.o
 .debug_macro   0x0000000000013dec      0x1cb ./Core/Src/button.o
 .debug_macro   0x0000000000013fb7      0x114 ./Core/Src/button.o
 .debug_macro   0x00000000000140cb      0x1b2 ./Core/Src/button.o
 .debug_macro   0x000000000001427d       0x27 ./Core/Src/button.o
 .debug_macro   0x00000000000142a4      0x12f ./Core/Src/button.o
 .debug_macro   0x00000000000143d3      0x1bc ./Core/Src/button.o
 .debug_macro   0x000000000001458f       0x34 ./Core/Src/button.o
 .debug_macro   0x00000000000145c3       0x3c ./Core/Src/button.o
 .debug_macro   0x00000000000145ff       0x57 ./Core/Src/button.o
 .debug_macro   0x0000000000014656       0x88 ./Core/Src/button.o
 .debug_macro   0x00000000000146de      0x183 ./Core/Src/button.o
 .debug_macro   0x0000000000014861      0x141 ./Core/Src/button.o
 .debug_macro   0x00000000000149a2      0x8d1 ./Core/Src/button.o
 .debug_macro   0x0000000000015273       0x69 ./Core/Src/button.o
 .debug_macro   0x00000000000152dc      0x148 ./Core/Src/button.o
 .debug_macro   0x0000000000015424       0x7c ./Core/Src/button.o
 .debug_macro   0x00000000000154a0       0x10 ./Core/Src/button.o
 .debug_macro   0x00000000000154b0      0x1f1 ./Core/Src/fsm_automatic.o
 .debug_macro   0x00000000000156a1      0x1f1 ./Core/Src/fsm_manual.o
 .debug_macro   0x0000000000015892      0x1e7 ./Core/Src/global.o
 .debug_macro   0x0000000000015a79      0x1b1 ./Core/Src/led7_segment.o
 .debug_macro   0x0000000000015c2a      0x1ff ./Core/Src/main.o
 .debug_macro   0x0000000000015e29       0x1b ./Core/Src/software_timer.o
 .debug_macro   0x0000000000015e44      0x1a7 ./Core/Src/stm32f1xx_hal_msp.o
 .debug_macro   0x0000000000015feb      0x1b1 ./Core/Src/stm32f1xx_it.o
 .debug_macro   0x000000000001619c      0x198 ./Core/Src/system_stm32f1xx.o
 .debug_macro   0x0000000000016334      0x1ef ./Core/Src/traffic_light.o
 .debug_macro   0x0000000000016523      0x1bc ./Drivers/STM32F1xx_HAL_Driver/Src/stm32f1xx_hal.o
 .debug_macro   0x00000000000166df      0x198 ./Drivers/STM32F1xx_HAL_Driver/Src/stm32f1xx_hal_cortex.o
 .debug_macro   0x0000000000016877      0x203 ./Drivers/STM32F1xx_HAL_Driver/Src/stm32f1xx_hal_gpio.o
 .debug_macro   0x0000000000016a7a      0x1aa ./Drivers/STM32F1xx_HAL_Driver/Src/stm32f1xx_hal_rcc.o
 .debug_macro   0x0000000000016c24      0x199 ./Drivers/STM32F1xx_HAL_Driver/Src/stm32f1xx_hal_tim.o
 .debug_macro   0x0000000000016dbd      0x198 ./Drivers/STM32F1xx_HAL_Driver/Src/stm32f1xx_hal_tim_ex.o

.debug_line     0x0000000000000000     0xc569
 .debug_line    0x0000000000000000      0x77c ./Core/Src/button.o
 .debug_line    0x000000000000077c      0x84f ./Core/Src/fsm_automatic.o
 .debug_line    0x0000000000000fcb      0x8fd ./Core/Src/fsm_manual.o
 .debug_line    0x00000000000018c8      0x718 ./Core/Src/global.o
 .debug_line    0x0000000000001fe0      0x787 ./Core/Src/led7_segment.o
 .debug_line    0x0000000000002767      0x824 ./Core/Src/main.o
 .debug_line    0x0000000000002f8b      0x22f ./Core/Src/software_timer.o
 .debug_line    0x00000000000031ba      0x6cd ./Core/Src/stm32f1xx_hal_msp.o
 .debug_line    0x0000000000003887      0x76b ./Core/Src/stm32f1xx_it.o
 .debug_line    0x0000000000003ff2      0x70f ./Core/Src/system_stm32f1xx.o
 .debug_line    0x0000000000004701      0x7af ./Core/Src/traffic_light.o
 .debug_line    0x0000000000004eb0       0x86 ./Core/Startup/startup_stm32f103c6ux.o
 .debug_line    0x0000000000004f36      0x93c ./Drivers/STM32F1xx_HAL_Driver/Src/stm32f1xx_hal.o
 .debug_line    0x0000000000005872      0xb24 ./Drivers/STM32F1xx_HAL_Driver/Src/stm32f1xx_hal_cortex.o
 .debug_line    0x0000000000006396      0x9bd ./Drivers/STM32F1xx_HAL_Driver/Src/stm32f1xx_hal_gpio.o
 .debug_line    0x0000000000006d53      0xd4a ./Drivers/STM32F1xx_HAL_Driver/Src/stm32f1xx_hal_rcc.o
 .debug_line    0x0000000000007a9d     0x329a ./Drivers/STM32F1xx_HAL_Driver/Src/stm32f1xx_hal_tim.o
 .debug_line    0x000000000000ad37     0x1832 ./Drivers/STM32F1xx_HAL_Driver/Src/stm32f1xx_hal_tim_ex.o

.debug_str      0x0000000000000000    0x8253d
 .debug_str     0x0000000000000000    0x7f94f ./Core/Src/button.o
                                      0x7fcca (size before relaxing)
 .debug_str     0x000000000007f94f       0x4b ./Core/Src/fsm_automatic.o
                                      0x7fc42 (size before relaxing)
 .debug_str     0x000000000007f99a       0x37 ./Core/Src/fsm_manual.o
                                      0x7fc2e (size before relaxing)
 .debug_str     0x000000000007f9d1       0x2d ./Core/Src/global.o
                                      0x7fc24 (size before relaxing)
 .debug_str     0x000000000007f9fe       0x65 ./Core/Src/led7_segment.o
                                      0x7f993 (size before relaxing)
 .debug_str     0x000000000007fa63      0x6df ./Core/Src/main.o
                                      0x803f6 (size before relaxing)
 .debug_str     0x0000000000080142      0x12b ./Core/Src/software_timer.o
                                       0x2f16 (size before relaxing)
 .debug_str     0x000000000008026d      0x2ba ./Core/Src/stm32f1xx_hal_msp.o
                                      0x8010d (size before relaxing)
 .debug_str     0x0000000000080527       0xcd ./Core/Src/stm32f1xx_it.o
                                      0x7fe6f (size before relaxing)
 .debug_str     0x00000000000805f4       0x52 ./Core/Src/system_stm32f1xx.o
                                      0x7f503 (size before relaxing)
 .debug_str     0x0000000000080646       0x8e ./Core/Src/traffic_light.o
                                      0x7fcb6 (size before relaxing)
 .debug_str     0x00000000000806d4       0x36 ./Core/Startup/startup_stm32f103c6ux.o
                                         0x6e (size before relaxing)
 .debug_str     0x000000000008070a      0x304 ./Drivers/STM32F1xx_HAL_Driver/Src/stm32f1xx_hal.o
                                      0x7fb5a (size before relaxing)
 .debug_str     0x0000000000080a0e      0x300 ./Drivers/STM32F1xx_HAL_Driver/Src/stm32f1xx_hal_cortex.o
                                      0x7fb62 (size before relaxing)
 .debug_str     0x0000000000080d0e      0x324 ./Drivers/STM32F1xx_HAL_Driver/Src/stm32f1xx_hal_gpio.o
                                      0x7f8c7 (size before relaxing)
 .debug_str     0x0000000000081032      0x24f ./Drivers/STM32F1xx_HAL_Driver/Src/stm32f1xx_hal_rcc.o
                                      0x7f900 (size before relaxing)
 .debug_str     0x0000000000081281      0xdce ./Drivers/STM32F1xx_HAL_Driver/Src/stm32f1xx_hal_tim.o
                                      0x808d2 (size before relaxing)
 .debug_str     0x000000000008204f      0x4ee ./Drivers/STM32F1xx_HAL_Driver/Src/stm32f1xx_hal_tim_ex.o
                                      0x80083 (size before relaxing)

.comment        0x0000000000000000       0x53
 .comment       0x0000000000000000       0x53 ./Core/Src/button.o
                                         0x54 (size before relaxing)
 .comment       0x0000000000000053       0x54 ./Core/Src/fsm_automatic.o
 .comment       0x0000000000000053       0x54 ./Core/Src/fsm_manual.o
 .comment       0x0000000000000053       0x54 ./Core/Src/global.o
 .comment       0x0000000000000053       0x54 ./Core/Src/led7_segment.o
 .comment       0x0000000000000053       0x54 ./Core/Src/main.o
 .comment       0x0000000000000053       0x54 ./Core/Src/software_timer.o
 .comment       0x0000000000000053       0x54 ./Core/Src/stm32f1xx_hal_msp.o
 .comment       0x0000000000000053       0x54 ./Core/Src/stm32f1xx_it.o
 .comment       0x0000000000000053       0x54 ./Core/Src/system_stm32f1xx.o
 .comment       0x0000000000000053       0x54 ./Core/Src/traffic_light.o
 .comment       0x0000000000000053       0x54 ./Drivers/STM32F1xx_HAL_Driver/Src/stm32f1xx_hal.o
 .comment       0x0000000000000053       0x54 ./Drivers/STM32F1xx_HAL_Driver/Src/stm32f1xx_hal_cortex.o
 .comment       0x0000000000000053       0x54 ./Drivers/STM32F1xx_HAL_Driver/Src/stm32f1xx_hal_gpio.o
 .comment       0x0000000000000053       0x54 ./Drivers/STM32F1xx_HAL_Driver/Src/stm32f1xx_hal_rcc.o
 .comment       0x0000000000000053       0x54 ./Drivers/STM32F1xx_HAL_Driver/Src/stm32f1xx_hal_tim.o
 .comment       0x0000000000000053       0x54 ./Drivers/STM32F1xx_HAL_Driver/Src/stm32f1xx_hal_tim_ex.o

.debug_frame    0x0000000000000000     0x2a64
 .debug_frame   0x0000000000000000       0x84 ./Core/Src/button.o
 .debug_frame   0x0000000000000084       0x2c ./Core/Src/fsm_automatic.o
 .debug_frame   0x00000000000000b0       0x2c ./Core/Src/fsm_manual.o
 .debug_frame   0x00000000000000dc       0x50 ./Core/Src/global.o
 .debug_frame   0x000000000000012c       0xa0 ./Core/Src/led7_segment.o
 .debug_frame   0x00000000000001cc       0xd4 ./Core/Src/main.o
 .debug_frame   0x00000000000002a0      0x1c0 ./Core/Src/software_timer.o
 .debug_frame   0x0000000000000460       0x80 ./Core/Src/stm32f1xx_hal_msp.o
 .debug_frame   0x00000000000004e0      0x120 ./Core/Src/stm32f1xx_it.o
 .debug_frame   0x0000000000000600       0x58 ./Core/Src/system_stm32f1xx.o
 .debug_frame   0x0000000000000658      0x10c ./Core/Src/traffic_light.o
 .debug_frame   0x0000000000000764      0x334 ./Drivers/STM32F1xx_HAL_Driver/Src/stm32f1xx_hal.o
 .debug_frame   0x0000000000000a98      0x428 ./Drivers/STM32F1xx_HAL_Driver/Src/stm32f1xx_hal_cortex.o
 .debug_frame   0x0000000000000ec0      0x14c ./Drivers/STM32F1xx_HAL_Driver/Src/stm32f1xx_hal_gpio.o
 .debug_frame   0x000000000000100c      0x21c ./Drivers/STM32F1xx_HAL_Driver/Src/stm32f1xx_hal_rcc.o
 .debug_frame   0x0000000000001228     0x11b8 ./Drivers/STM32F1xx_HAL_Driver/Src/stm32f1xx_hal_tim.o
 .debug_frame   0x00000000000023e0      0x638 ./Drivers/STM32F1xx_HAL_Driver/Src/stm32f1xx_hal_tim_ex.o
 .debug_frame   0x0000000000002a18       0x2c e:/stm32_cubeide/stm32cubeide_1.7.0/stm32cubeide/plugins/com.st.stm32cube.ide.mcu.externaltools.gnu-tools-for-stm32.9-2020-q2-update.win32_2.0.0.202105311346/tools/bin/../lib/gcc/arm-none-eabi/9.3.1/../../../../arm-none-eabi/lib/thumb/v7-m/nofp\libc_nano.a(lib_a-init.o)
 .debug_frame   0x0000000000002a44       0x20 e:/stm32_cubeide/stm32cubeide_1.7.0/stm32cubeide/plugins/com.st.stm32cube.ide.mcu.externaltools.gnu-tools-for-stm32.9-2020-q2-update.win32_2.0.0.202105311346/tools/bin/../lib/gcc/arm-none-eabi/9.3.1/../../../../arm-none-eabi/lib/thumb/v7-m/nofp\libc_nano.a(lib_a-memset.o)
